FM_TEST_BEGIN 2026-08-29T23:58:25Z tests/fm-on.test.sh family=secondmate expected_gate_skip=none
ok - fm-on --stdin preserves argv, stdin, stdout, stderr, and exit status without shell interpretation
ok - fm-on defaults the remote command's stdin to /dev/null
ok - fm-on arms a bounded SSH dead-peer detection window by default (15s x 3 = 45s)
ok - fm-on's dead-peer detection window is env-overridable
ok - fm-on rejects invalid dead-peer settings before launching ssh
ok - the fixed entrypoint runs every command in the worker's explicit environment
ok - the entrypoint composes a deduplicated discovered child PATH (kept 5 existing, omitted 6 absent)
ok - read-only doctor inspects worker gaps over plain SSH without repair
ok - the remote doctor reports the same PATH the entrypoint hands its children
ok - the remote doctor derives tool readiness from the installed worker
ok - the remote doctor reports its required runtime tool set and optional tools
ok - multiple fm-*.sh executables work without a command table
ok - tracked-command authorization excludes checkout-local git
not ok - the trusted doctor could not bootstrap while git was unavailable (missing: 'mode=check')
--- output ---
error: required tool git is unavailable and the doctor does not match the trusted bootstrap identity
FM_TEST_END 2026-08-29T23:58:40Z tests/fm-on.test.sh exit=1 duration_ms=15120 gate_skip=false
FM_TEST_BEGIN 2026-08-29T23:58:40Z tests/fm-secondmate-liveness.test.sh family=secondmate expected_gate_skip=none
ok - fm_backend_tmux_agent_state: separates live, dead, missing, ambiguous, and unreadable
ok - fm_backend_tmux_agent_state: rejects malformed targets before probing tmux
ok - fm_backend_herdr_agent_state: preserves missing/no-agent/live/unknown husk behavior
ok - fm_backend_herdr_agent_state: firstmate evidence carries an unregisterable-harness pane alive
ok - fm_backend_herdr_agent_state: herdr-registerable harnesses keep their exact classification
ok - fm_backend_agent_state: routes tmux/Herdr and keeps Zellij unverified
ok - sweep: a confirmed-dead secondmate endpoint is killed and respawned
ok - sweep: an already-live secondmate is untouched and distinguishable in verbose diagnostics
ok - sweep: an authoritatively missing Pi secondmate window is relaunched
ok - sweep: an authoritatively missing pi-signed secondmate window is relaunched
ok - sweep: an existing ambiguous Pi process prevents duplicate recovery
ok - sweep: transient target unreadability never licenses recovery
ok - sweep: failed relaunch diagnostics distinguish a confidently missing endpoint
ok - sweep: an unverified harness blocks recovery with a concrete diagnostic
ok - sweep: idempotent by construction - a live secondmate is never re-touched on a later run
ok - sweep: skipped entirely under FM_BOOTSTRAP_DETECT_ONLY=1, exactly like the other mutating sweeps
ok - sweep: a silent no-op with no kind=secondmate meta present (a secondmate home's own natural scoping)
# all fm-secondmate-liveness tests passed
FM_TEST_END 2026-08-29T23:59:14Z tests/fm-secondmate-liveness.test.sh exit=0 duration_ms=33366 gate_skip=false
FM_TEST_BEGIN 2026-08-29T23:59:14Z tests/fm-atomic-adapter.test.sh family=pure-contract-unit expected_gate_skip=none
ok - atomic launch: -na, split provider/model, --thinking, explicit -e, pinned session id, both sidecars
ok - canonical model form: the provider/id split takes the first slash only
ok - atomic scout spawns get the same launch fence, effort axis, and per-task wiring
ok - atomic refuses a model with no provider prefix, before endpoint creation
ok - atomic refuses a model its own catalog does not publish
ok - atomic preflights the provider/model PAIR, not the id alone
ok - an unreadable catalog warns rather than refusing: a probe that cannot answer is not evidence of a bad model
ok - atomic is refused as a secondmate in both the spawn and the control plane
ok - control plane: atomic's interrupt, clear, exit, ack, and wiring rows are wired
ok - interrupt ack: confirmation comes only from an aborted assistant record appended after delivery
ok - interrupt ack: zero or ambiguous transcripts refuse instead of guessing
ok - busy source: atomic-ext is exact and never crosses adapters
ok - delivery guard: atomic's footer is its own signature in both directions
FM_TEST_END 2026-08-29T23:59:28Z tests/fm-atomic-adapter.test.sh exit=0 duration_ms=14094 gate_skip=false
FM_TEST_SUMMARY total=3 failed=1 skipped_gate=0 duration_ms=62709
FM_TEST_SUMMARY_FAMILY family=pure-contract-unit count=1 duration_ms=14094 failed=0
FM_TEST_SUMMARY_FAMILY family=secondmate count=2 duration_ms=48486 failed=1
FM_TEST_SLOWEST rank=1 script=tests/fm-secondmate-liveness.test.sh duration_ms=33366
FM_TEST_SLOWEST rank=2 script=tests/fm-on.test.sh duration_ms=15120
FM_TEST_SLOWEST rank=3 script=tests/fm-atomic-adapter.test.sh duration_ms=14094
